// Jest Snapshot v1, https://goo.gl/fbAQLP

exports[`atoms/ModalDialog should match snapshot Component 1`] = `
<div
  aria-hidden="true"
/>
`;
