// Jest Snapshot v1, https://goo.gl/fbAQLP

exports[`UploadList should match snapshot UploadList 1`] = `
.emotion-0 {
  display: grid;
  grid-template-columns: repeat(2, 1fr);
  grid-gap: 20px;
}

@media (max-width:599.95px) {
  .emotion-0 {
    grid-template-columns: repeat(1, 1fr);
  }
}

.emotion-1 {
  width: 100%;
  height: 400px;
}

.emotion-2 {
  box-shadow: rgba(146, 31, 237, 1);
  border-radius: 20px;
  box-shadow: 6px 6px 0px 0px rgba(0, 0, 0, 1);
  -webkit-transition: box-shadow 0.3s ease-in-out;
  transition: box-shadow 0.3s ease-in-out;
  height: 100%;
}

.emotion-2:hover {
  box-shadow: 6px 6px 8px 0px rgba(25, 118, 210, 1);
}

.emotion-2:active {
  box-shadow: 6px 6px 8px 0px rgba(25, 118, 210, 1);
}

.emotion-3 {
  background-color: #fff;
  color: rgba(0, 0, 0, 0.87);
  -webkit-transition: box-shadow 300ms cubic-bezier(0.4, 0, 0.2, 1) 0ms;
  transition: box-shadow 300ms cubic-bezier(0.4, 0, 0.2, 1) 0ms;
  border-radius: 4px;
  box-shadow: 0px 2px 1px -1px rgba(0,0,0,0.2),0px 1px 1px 0px rgba(0,0,0,0.14),0px 1px 3px 0px rgba(0,0,0,0.12);
  overflow: hidden;
  border-radius: 20px;
  box-shadow: none;
  position: relative;
  height: 100%;
}

.emotion-4 {
  display: block;
  -webkit-background-size: cover;
  background-size: cover;
  background-repeat: no-repeat;
  -webkit-background-position: center;
  background-position: center;
  width: 100%;
  object-fit: cover;
  height: 100%;
  object-fit: cover;
}

.emotion-5 {
  display: -webkit-box;
  display: -webkit-flex;
  display: -ms-flexbox;
  display: flex;
  -webkit-align-items: center;
  -webkit-box-align: center;
  -ms-flex-align: center;
  align-items: center;
  padding: 8px;
  display: -webkit-box;
  display: -webkit-flex;
  display: -ms-flexbox;
  display: flex;
  -webkit-flex-direction: column;
  -ms-flex-direction: column;
  flex-direction: column;
  -webkit-box-pack: justify;
  -webkit-justify-content: space-between;
  justify-content: space-between;
  padding: 24px 24px 20px 24px;
  position: absolute;
  top: 0;
  left: 0;
  right: 0;
  bottom: 0;
  width: 100%;
  height: 100%;
  background-color: transparent;
  -webkit-transition: background-color 0.3s ease-in-out;
  transition: background-color 0.3s ease-in-out;
}

.emotion-5>:not(:first-of-type) {
  margin-left: 8px;
}

.emotion-5:hover {
  background-color: rgba(0, 0, 0, 0.45);
}

.emotion-6 {
  display: -webkit-box;
  display: -webkit-flex;
  display: -ms-flexbox;
  display: flex;
  -webkit-box-pack: end;
  -ms-flex-pack: end;
  -webkit-justify-content: flex-end;
  justify-content: flex-end;
  width: 100%;
}

<div>
  <div
    class="MuiBox-root emotion-0"
  >
    <div
      class="MuiBox-root emotion-1"
    >
      <div
        class="MuiBox-root emotion-2"
      >
        <div
          class="MuiPaper-root MuiPaper-elevation MuiPaper-rounded MuiPaper-elevation1 MuiCard-root emotion-3"
        >
          <img
            alt="item"
            class="MuiCardMedia-root MuiCardMedia-media MuiCardMedia-img emotion-4"
            src="http://via.placeholder.com/640x360"
          />
          <div
            class="MuiCardActions-root MuiCardActions-spacing emotion-5"
          >
            <div
              class="MuiBox-root emotion-6"
            >
              <div
                aria-label="add to favorites"
                class="MuiBox-root emotion-7"
              >
                <test-file-stub
                  aria-hidden="true"
                  classname="MuiSvgIcon-root MuiSvgIcon-fontSizeMedium css-i4bv87-MuiSvgIcon-root"
                  focusable="false"
                />
              </div>
            </div>
          </div>
        </div>
      </div>
    </div>
    <div
      class="MuiBox-root emotion-1"
    >
      <div
        class="MuiBox-root emotion-2"
      >
        <div
          class="MuiPaper-root MuiPaper-elevation MuiPaper-rounded MuiPaper-elevation1 MuiCard-root emotion-3"
        >
          <img
            alt="item"
            class="MuiCardMedia-root MuiCardMedia-media MuiCardMedia-img emotion-4"
            src="http://via.placeholder.com/640x360"
          />
          <div
            class="MuiCardActions-root MuiCardActions-spacing emotion-5"
          >
            <div
              class="MuiBox-root emotion-6"
            >
              <div
                aria-label="add to favorites"
                class="MuiBox-root emotion-7"
              >
                <test-file-stub
                  aria-hidden="true"
                  classname="MuiSvgIcon-root MuiSvgIcon-fontSizeMedium css-i4bv87-MuiSvgIcon-root"
                  focusable="false"
                />
              </div>
            </div>
          </div>
        </div>
      </div>
    </div>
  </div>
</div>
`;
