// Jest Snapshot v1, https://goo.gl/fbAQLP

exports[`GridCardActions should match snapshot GridCardActions for FavoriteCard 1`] = `
.emotion-0 {
  width: 250px;
  height: 200px;
  position: relative;
  background-color: gray;
}

.emotion-1 {
  display: -webkit-box;
  display: -webkit-flex;
  display: -ms-flexbox;
  display: flex;
  -webkit-align-items: center;
  -webkit-box-align: center;
  -ms-flex-align: center;
  align-items: center;
  padding: 8px;
  display: -webkit-box;
  display: -webkit-flex;
  display: -ms-flexbox;
  display: flex;
  -webkit-flex-direction: column;
  -ms-flex-direction: column;
  flex-direction: column;
  -webkit-box-pack: justify;
  -webkit-justify-content: space-between;
  justify-content: space-between;
  padding: 24px 24px 20px 24px;
  position: absolute;
  top: 0;
  left: 0;
  right: 0;
  bottom: 0;
  width: 100%;
  height: 100%;
  background-color: transparent;
  -webkit-transition: background-color 0.3s ease-in-out;
  transition: background-color 0.3s ease-in-out;
}

.emotion-1>:not(:first-of-type) {
  margin-left: 8px;
}

.emotion-1:hover {
  background-color: rgba(0, 0, 0, 0.45);
}

.emotion-2 {
  display: -webkit-box;
  display: -webkit-flex;
  display: -ms-flexbox;
  display: flex;
  -webkit-box-pack: end;
  -ms-flex-pack: end;
  -webkit-justify-content: flex-end;
  justify-content: flex-end;
  width: 100%;
}

.emotion-3 {
  display: -webkit-inline-box;
  display: -webkit-inline-flex;
  display: -ms-inline-flexbox;
  display: inline-flex;
  -webkit-align-items: center;
  -webkit-box-align: center;
  -ms-flex-align: center;
  align-items: center;
  -webkit-box-pack: center;
  -ms-flex-pack: center;
  -webkit-justify-content: center;
  justify-content: center;
  position: relative;
  box-sizing: border-box;
  -webkit-tap-highlight-color: transparent;
  background-color: transparent;
  outline: 0;
  border: 0;
  margin: 0;
  border-radius: 0;
  padding: 0;
  cursor: pointer;
  -webkit-user-select: none;
  -moz-user-select: none;
  -ms-user-select: none;
  user-select: none;
  vertical-align: middle;
  -moz-appearance: none;
  -webkit-appearance: none;
  -webkit-text-decoration: none;
  text-decoration: none;
  color: inherit;
  text-align: center;
  -webkit-flex: 0 0 auto;
  -ms-flex: 0 0 auto;
  flex: 0 0 auto;
  font-size: 1.5rem;
  padding: 8px;
  border-radius: 50%;
  overflow: visible;
  color: rgba(0, 0, 0, 0.54);
  -webkit-transition: background-color 150ms cubic-bezier(0.4, 0, 0.2, 1) 0ms;
  transition: background-color 150ms cubic-bezier(0.4, 0, 0.2, 1) 0ms;
}

.emotion-3::-moz-focus-inner {
  border-style: none;
}

.emotion-3.Mui-disabled {
  pointer-events: none;
  cursor: default;
}

@media print {
  .emotion-3 {
    -webkit-print-color-adjust: exact;
    color-adjust: exact;
  }
}

.emotion-3:hover {
  background-color: rgba(0, 0, 0, 0.04);
}

@media (hover: none) {
  .emotion-3:hover {
    background-color: transparent;
  }
}

.emotion-3.Mui-disabled {
  background-color: transparent;
  color: rgba(0, 0, 0, 0.26);
}

.emotion-4 {
  overflow: hidden;
  pointer-events: none;
  position: absolute;
  z-index: 0;
  top: 0;
  right: 0;
  bottom: 0;
  left: 0;
  border-radius: inherit;
}

<div>
  <div
    class="MuiBox-root emotion-0"
  >
    <div
      class="MuiCardActions-root MuiCardActions-spacing emotion-1"
    >
      <div
        class="MuiBox-root emotion-2"
      >
        <button
          aria-label="add to favorites"
          class="MuiButtonBase-root MuiIconButton-root MuiIconButton-sizeMedium emotion-3"
          tabindex="0"
          type="button"
        >
          <test-file-stub
            aria-hidden="true"
            classname="MuiSvgIcon-root MuiSvgIcon-fontSizeMedium css-i4bv87-MuiSvgIcon-root"
            focusable="false"
          />
          <span
            class="MuiTouchRipple-root emotion-4"
          />
        </button>
      </div>
    </div>
  </div>
</div>
`;
